{
  "results": [
    {
      "slug": "DET-9C4",
      "title": "Suspicious login",
      "severity": 1,
      "status": "new",
      "assignee_email": "alice@example.com",
      "assignee_name": "Alice"
    }
  ],
  "pagination": {
    "page": 1,
    "page_size": 50,
    "count": 1,
    "total_pages": 1,
    "next_page": null,
    "previous_page": null
  }
}
