{
  "slug": "SCAN-9RG",
  "new": [
    {
      "slug": "vuln-new1",
      "title": "Hardcoded secret",
      "description": "AWS access key committed to config/settings.py.",
      "severity": 0,
      "category": "secrets",
      "status": "open",
      "display_status": "new",
      "new": true,
      "resolved": false,
      "ignored": false,
      "live": true,
      "asset_type": "repository",
      "asset_name": "web-app",
      "location_title": "config/settings.py:42",
      "first_seen": "2026-04-20T10:00:00Z"
    },
    {
      "slug": "vuln-new2",
      "title": "SQL Injection",
      "description": "Login form concatenates user input into a raw SQL query.",
      "severity": 1,
      "category": "injection",
      "status": "open",
      "display_status": "new",
      "new": true,
      "resolved": false,
      "ignored": false,
      "live": true,
      "asset_type": "repository",
      "asset_name": "web-app",
      "location_title": "views/login.py:88",
      "first_seen": "2026-04-20T10:00:00Z"
    }
  ],
  "resolved": [
    {
      "slug": "vuln-old",
      "title": "Weak TLS",
      "description": "Server accepts TLS 1.0 connections.",
      "severity": 2,
      "category": "crypto",
      "status": "resolved",
      "display_status": "resolved",
      "new": false,
      "resolved": true,
      "ignored": false,
      "live": false,
      "asset_type": "repository",
      "asset_name": "web-app",
      "location_title": "nginx.conf:12",
      "first_seen": "2026-03-01T10:00:00Z"
    }
  ],
  "new_count": 2,
  "resolved_count": 1
}
