{
  "results": [
    {
      "slug": "vuln-abc123",
      "title": "SQL Injection in login form",
      "severity": 1,
      "status": "open",
      "priority_level": "",
      "asset_name": "web-app",
      "asset_resource_slug": "ARES-AJ3",
      "asset_resource_kind": "repository",
      "assignee_email": "alice@example.com",
      "assignee_name": "Alice Smith",
      "web_url": "https://app.fencer.dev/a/acme/vulnerabilities/vuln-abc123/"
    }
  ],
  "pagination": {
    "page": 1,
    "page_size": 50,
    "count": 1,
    "total_pages": 1,
    "next_page": null,
    "previous_page": null
  }
}
